DEBUG:root:This is a debug message
INFO:root:This is an info message
WARNING:root:This is a warning message
ERROR:root:This is an error message
CRITICAL:root:This is a critical message
ERROR:exception_logger:An exception occurred!
Traceback (most recent call last):
  File "/tmp/ipykernel_45146/2508198153.py", line 12, in log_exception
    1/0
    ~^~
ZeroDivisionError: division by zero
DEBUG:context_logger:This is a debug message
INFO:context_logger:This is an info message
WARNING:context_logger:This is a warning message
ERROR:context_logger:This is an error message
CRITICAL:context_logger:This is a critical message
DEBUG:context_logger:This is a debug message
INFO:context_logger:This is an info message
WARNING:context_logger:This is a warning message
ERROR:context_logger:This is an error message
CRITICAL:context_logger:This is a critical message
DEBUG:context_logger:This is a debug message
INFO:context_logger:This is an info message
WARNING:context_logger:This is a warning message
ERROR:context_logger:This is an error message
CRITICAL:context_logger:This is a critical message
DEBUG:context_logger:This is a debug message
INFO:context_logger:This is an info message
WARNING:context_logger:This is a warning message
ERROR:context_logger:This is an error message
CRITICAL:context_logger:This is a critical message
DEBUG:additional_context_logger:This is a debug message
INFO:additional_context_logger:This is an info message
WARNING:additional_context_logger:This is a warning message
ERROR:additional_context_logger:This is an error message
CRITICAL:additional_context_logger:This is a critical message
